[envato.rathemes.com/infinity/default/index.html]
[backblue.gif]
[fade.gif]
[index.html]
[envato.rathemes.com/infinity/assets/images/logo.png]
[envato.rathemes.com/infinity/assets/images/221.jpg]
[envato.rathemes.com/infinity/default/profile.html]
[envato.rathemes.com/infinity/default/settings.html]
[envato.rathemes.com/infinity/default/logout.html]
[envato.rathemes.com/infinity/default/dashboard.2.html]
[envato.rathemes.com/infinity/default/buttons.html]
[envato.rathemes.com/infinity/default/alerts.html]
[envato.rathemes.com/infinity/default/panels.html]
[envato.rathemes.com/infinity/default/lists.html]
[envato.rathemes.com/infinity/default/icons.html]
[envato.rathemes.com/infinity/default/media.html]
[envato.rathemes.com/infinity/default/widgets.html]
[envato.rathemes.com/infinity/default/tabs.html]
[envato.rathemes.com/infinity/default/progress.html]
[envato.rathemes.com/infinity/default/inbox.html]
[envato.rathemes.com/infinity/default/compose.html]
[envato.rathemes.com/infinity/default/search.web.html]
[envato.rathemes.com/infinity/default/price.html]
[envato.rathemes.com/infinity/default/invoice.html]
[envato.rathemes.com/infinity/default/gallery.1.html]
[envato.rathemes.com/infinity/default/support.html]
[envato.rathemes.com/infinity/default/form.layouts.html]
[envato.rathemes.com/infinity/default/form.elements.html]
[envato.rathemes.com/infinity/default/form.custom.html]
[envato.rathemes.com/infinity/default/gallery.2.html]
[envato.rathemes.com/infinity/default/form.plugins.html]
[envato.rathemes.com/infinity/default/file-upload.html]
[envato.rathemes.com/infinity/default/form.datetime.html]
[envato.rathemes.com/infinity/default/editors.html]
[envato.rathemes.com/infinity/default/tables.basic.html]
[envato.rathemes.com/infinity/default/datatables.html]
[envato.rathemes.com/infinity/default/charts.flot.html]
[envato.rathemes.com/infinity/default/echarts.bar.html]
[envato.rathemes.com/infinity/default/echarts.pie.html]
[envato.rathemes.com/infinity/default/echarts.line.html]
[envato.rathemes.com/infinity/default/echarts.map.html]
[envato.rathemes.com/infinity/default/echarts.scatter.html]
[envato.rathemes.com/infinity/default/echarts.custom.html]
[envato.rathemes.com/infinity/default/map-google.html]
[envato.rathemes.com/infinity/default/map-vector.html]
[envato.rathemes.com/infinity/default/calendar.html]
[envato.rathemes.com/infinity/default/contacts.html]
[envato.rathemes.com/infinity/default/login.html]
[envato.rathemes.com/infinity/default/signup.html]
[envato.rathemes.com/infinity/default/password-forget.html]
[envato.rathemes.com/infinity/default/unlock.html]
[envato.rathemes.com/infinity/default/404.html]
[envato.rathemes.com/infinity/default/documentation.html]
[envato.rathemes.com/infinity/assets/images/205.jpg]
[envato.rathemes.com/infinity/assets/images/207.jpg]
[envato.rathemes.com/infinity/assets/images/211.jpg]
[envato.rathemes.com/infinity/assets/images/206.jpg]
[envato.rathemes.com/infinity/assets/images/208.jpg]
[envato.rathemes.com/infinity/assets/images/209.jpg]
[envato.rathemes.com/infinity/assets/images/219.jpg]
[envato.rathemes.com/infinity/assets/images/210.jpg]
[envato.rathemes.com/infinity/assets/images/212.jpg]
[envato.rathemes.com/infinity/assets/images/217.jpg]
[envato.rathemes.com/infinity/assets/images/218.jpg]
[envato.rathemes.com/infinity/assets/images/215.jpg]
[envato.rathemes.com/infinity/assets/images/214.jpg]
[envato.rathemes.com/infinity/default/index.html]
[fonts.googleapis.com/css6f94.css]
[envato.rathemes.com/infinity/assets/images/101.jpg]
[envato.rathemes.com/infinity/assets/images/original/102.jpg]
[envato.rathemes.com/infinity/assets/images/102.jpg]
[envato.rathemes.com/infinity/assets/images/204.jpg]
[envato.rathemes.com/infinity/assets/images/original/101.jpg]
[envato.rathemes.com/infinity/assets/images/original/103.jpg]
[envato.rathemes.com/infinity/assets/images/103.jpg]
[envato.rathemes.com/infinity/assets/images/original/104.jpg]
[envato.rathemes.com/infinity/assets/images/104.jpg]
[envato.rathemes.com/infinity/assets/images/original/105.jpg]
[envato.rathemes.com/infinity/assets/images/105.jpg]
[envato.rathemes.com/infinity/assets/images/213.jpg]
[envato.rathemes.com/infinity/assets/images/203.jpg]
[envato.rathemes.com/infinity/assets/images/202.jpg]
[envato.rathemes.com/infinity/default/profile.html]
[envato.rathemes.com/infinity/default/settings.html]
[envato.rathemes.com/infinity/default/dashboard.2.html]
[envato.rathemes.com/infinity/default/buttons.html]
[envato.rathemes.com/infinity/default/alerts.html]
[envato.rathemes.com/infinity/default/panels.html]
[envato.rathemes.com/infinity/default/lists.html]
[envato.rathemes.com/infinity/default/icons.html]
[envato.rathemes.com/infinity/default/logout.html]
[envato.rathemes.com/infinity/default/media.html]
[envato.rathemes.com/infinity/assets/images/220.jpg]
[envato.rathemes.com/infinity/assets/images/216.jpg]
[envato.rathemes.com/infinity/default/widgets.html]
[envato.rathemes.com/infinity/default/tabs.html]
[envato.rathemes.com/infinity/default/progress.html]
[envato.rathemes.com/infinity/default/inbox.html]
[envato.rathemes.com/infinity/default/compose.html]
[envato.rathemes.com/infinity/default/mail-view.html]
[envato.rathemes.com/infinity/default/search.images.html]
[envato.rathemes.com/infinity/default/search.video.html]
[envato.rathemes.com/infinity/default/search.web.html]
[envato.rathemes.com/infinity/default/price.html]
[envato.rathemes.com/infinity/default/invoice.html]
[envato.rathemes.com/infinity/default/search.users.html]
[envato.rathemes.com/infinity/assets/images/original/201.jpg]
[envato.rathemes.com/infinity/assets/images/201.jpg]
[envato.rathemes.com/infinity/assets/images/original/202.jpg]
[envato.rathemes.com/infinity/assets/images/original/203.jpg]
[envato.rathemes.com/infinity/assets/images/original/204.jpg]
[envato.rathemes.com/infinity/assets/images/original/205.jpg]
[envato.rathemes.com/infinity/assets/images/original/206.jpg]
[envato.rathemes.com/infinity/assets/images/original/207.jpg]
[envato.rathemes.com/infinity/assets/images/original/208.jpg]
[envato.rathemes.com/infinity/assets/images/original/209.jpg]
[envato.rathemes.com/infinity/assets/images/original/210.jpg]
[envato.rathemes.com/infinity/assets/images/original/211.jpg]
[envato.rathemes.com/infinity/assets/images/original/212.jpg]
[envato.rathemes.com/infinity/default/gallery.1.html]
[envato.rathemes.com/infinity/default/gallery.2.html]
[envato.rathemes.com/infinity/default/support.html]
[envato.rathemes.com/infinity/default/form.layouts.html]
[envato.rathemes.com/infinity/default/form.elements.html]
[envato.rathemes.com/infinity/default/form.custom.html]
[envato.rathemes.com/infinity/default/form.plugins.html]
[envato.rathemes.com/infinity/default/file-upload.html]
[envato.rathemes.com/infinity/default/form.datetime.html]
[envato.rathemes.com/infinity/default/editors.html]
[envato.rathemes.com/infinity/default/tables.basic.html]
[envato.rathemes.com/infinity/default/datatables.html]
[envato.rathemes.com/infinity/default/charts.flot.html]
[envato.rathemes.com/infinity/default/echarts.bar.html]
[envato.rathemes.com/infinity/default/echarts.pie.html]
[envato.rathemes.com/infinity/default/echarts.line.html]
[envato.rathemes.com/infinity/default/echarts.map.html]
[envato.rathemes.com/infinity/default/echarts.scatter.html]
[envato.rathemes.com/infinity/default/echarts.custom.html]
[envato.rathemes.com/infinity/default/map-google.html]
[envato.rathemes.com/infinity/default/map-vector.html]
[envato.rathemes.com/infinity/default/calendar.html]
[envato.rathemes.com/infinity/default/contacts.html]
[envato.rathemes.com/infinity/default/login.html]
[envato.rathemes.com/infinity/default/signup.html]
[envato.rathemes.com/infinity/default/password-forget.html]
[envato.rathemes.com/infinity/default/unlock.html]
[envato.rathemes.com/infinity/default/404.html]
[envato.rathemes.com/infinity/default/documentation.html]
[envato.rathemes.com/infinity/default/settings.html]
[envato.rathemes.com/infinity/default/logout.html]
[envato.rathemes.com/infinity/default/mail-view.html]
[envato.rathemes.com/infinity/default/search.images.html]
[envato.rathemes.com/infinity/default/search.video.html]
[envato.rathemes.com/infinity/default/search.users.html]
[envato.rathemes.com/infinity/default/settings.html]
[envato.rathemes.com/infinity/default/logout.html]
[envato.rathemes.com/infinity/assets/images/001.jpg]
[envato.rathemes.com/infinity/assets/images/205.jpg]
[envato.rathemes.com/infinity/assets/images/221.jpg]
[envato.rathemes.com/infinity/assets/images/211.jpg]
[envato.rathemes.com/infinity/libs/bower/font-awesome/css/font-awesome.min.css]
[envato.rathemes.com/infinity/assets/images/208.jpg]
[envato.rathemes.com/infinity/assets/images/206.jpg]
[envato.rathemes.com/infinity/assets/images/207.jpg]
[envato.rathemes.com/infinity/libs/bower/material-design-iconic-font/dist/css/material-design-iconic-font.css]
[envato.rathemes.com/infinity/assets/images/209.jpg]
[envato.rathemes.com/infinity/libs/bower/animate.css/animate.min.css]
[envato.rathemes.com/infinity/assets/images/219.jpg]
[envato.rathemes.com/infinity/libs/bower/fullcalendar/dist/fullcalendar.min.css]
[envato.rathemes.com/infinity/assets/images/210.jpg]
[envato.rathemes.com/infinity/assets/images/212.jpg]
[envato.rathemes.com/infinity/libs/bower/perfect-scrollbar/css/perfect-scrollbar.css]
[envato.rathemes.com/infinity/assets/images/217.jpg]
[envato.rathemes.com/infinity/assets/images/218.jpg]
[envato.rathemes.com/infinity/assets/css/bootstrap.css]
[envato.rathemes.com/infinity/assets/css/app.css]
[envato.rathemes.com/infinity/assets/images/215.jpg]
[envato.rathemes.com/infinity/default/profile.html]
[envato.rathemes.com/infinity/assets/images/214.jpg]
[envato.rathemes.com/infinity/assets/images/101.jpg]
[envato.rathemes.com/infinity/libs/bower/jquery/dist/jquery.js]
[envato.rathemes.com/infinity/assets/images/original/102.jpg]
[envato.rathemes.com/infinity/assets/images/102.jpg]
[envato.rathemes.com/infinity/libs/bower/jquery-ui/jquery-ui.min.js]
[envato.rathemes.com/infinity/assets/images/204.jpg]
[envato.rathemes.com/infinity/assets/images/original/101.jpg]
[envato.rathemes.com/infinity/libs/bower/jQuery-Storage-API/jquery.storageapi.min.js]
[envato.rathemes.com/infinity/assets/images/original/103.jpg]
[envato.rathemes.com/infinity/assets/images/103.jpg]
[envato.rathemes.com/infinity/assets/images/original/104.jpg]
[envato.rathemes.com/infinity/assets/images/104.jpg]
[envato.rathemes.com/infinity/default/Popover requires tooltip.js]
[envato.rathemes.com/infinity/libs/bower/bootstrap-sass/assets/javascripts/bootstrap.js]
[envato.rathemes.com/infinity/libs/bower/superfish/dist/js/hoverIntent.js]
[envato.rathemes.com/infinity/assets/images/original/105.jpg]
[envato.rathemes.com/infinity/libs/bower/superfish/dist/js/superfish.js]
[envato.rathemes.com/infinity/assets/images/213.jpg]
[envato.rathemes.com/infinity/assets/images/203.jpg]
[envato.rathemes.com/infinity/assets/images/105.jpg]
[envato.rathemes.com/infinity/libs/bower/jquery-slimscroll/jquery.slimscroll.js]
[envato.rathemes.com/infinity/libs/bower/perfect-scrollbar/js/perfect-scrollbar.jquery.js]
[envato.rathemes.com/infinity/assets/images/202.jpg]
[envato.rathemes.com/infinity/libs/bower/PACE/pace.min.js]
[envato.rathemes.com/infinity/assets/images/220.jpg]
[envato.rathemes.com/infinity/assets/images/216.jpg]
[envato.rathemes.com/infinity/assets/images/original/201.jpg]
[envato.rathemes.com/infinity/assets/images/201.jpg]
[envato.rathemes.com/infinity/assets/images/original/202.jpg]
[envato.rathemes.com/infinity/assets/images/original/203.jpg]
[envato.rathemes.com/infinity/assets/images/original/204.jpg]
[envato.rathemes.com/infinity/assets/images/original/205.jpg]
[envato.rathemes.com/infinity/assets/images/original/206.jpg]
[envato.rathemes.com/infinity/assets/images/original/207.jpg]
[envato.rathemes.com/infinity/assets/images/original/208.jpg]
[envato.rathemes.com/infinity/assets/images/original/209.jpg]
[envato.rathemes.com/infinity/assets/images/original/210.jpg]
[envato.rathemes.com/infinity/assets/images/original/211.jpg]
[envato.rathemes.com/infinity/assets/images/original/212.jpg]
[envato.rathemes.com/infinity/assets/images/001.jpg]
[envato.rathemes.com/infinity/assets/js/library.js]
[envato.rathemes.com/infinity/assets/js/plugins.js]
[envato.rathemes.com/infinity/assets/js/app.js]
[envato.rathemes.com/infinity/libs/bower/moment/moment.js]
[envato.rathemes.com/infinity/libs/bower/fullcalendar/dist/fullcalendar.min.js]
[envato.rathemes.com/infinity/assets/js/fullcalendar.js]
[envato.rathemes.com/infinity/default/mail-view.html]
[envato.rathemes.com/infinity/libs/bower/material-design-iconic-font/dist/css/material-design-iconic-font.min.css]
[envato.rathemes.com/infinity/libs/bower/font-awesome/fonts/fontawesome-webfont9efe.svg]
[envato.rathemes.com/infinity/assets/fonts/bootstrap/glyphicons-halflings-regular.svg]
[envato.rathemes.com/infinity/libs/misc/flot/jquery.flot.pie.min.js]
[envato.rathemes.com/infinity/libs/misc/flot/jquery.flot.stack.min.js]
[envato.rathemes.com/infinity/libs/misc/flot/jquery.flot.resize.min.js]
[envato.rathemes.com/infinity/libs/misc/flot/jquery.flot.curvedLines.js]
[envato.rathemes.com/infinity/libs/misc/flot/jquery.flot.tooltip.min.js]
[envato.rathemes.com/infinity/libs/misc/flot/jquery.flot.categories.min.js]
[envato.rathemes.com/infinity/libs/misc/echarts/build/dist/theme.js]
[envato.rathemes.com/infinity/libs/misc/echarts/build/dist/jquery.echarts.js]
[envato.rathemes.com/infinity/libs/bower/bootstrap-tagsinput/dist/bootstrap-tagsinput.min.js]
[envato.rathemes.com/infinity/libs/bower/bootstrap-touchspin/dist/jquery.bootstrap-touchspin.min.js]
[envato.rathemes.com/infinity/libs/bower/bootstrap-select/dist/js/bootstrap-select.min.js]
[envato.rathemes.com/infinity/libs/bower/eonasdan-bootstrap-datetimepicker/build/css/bootstrap-datetimepicker.min.css]
[envato.rathemes.com/infinity/libs/bower/eonasdan-bootstrap-datetimepicker/build/js/bootstrap-datetimepicker.min.js]
[envato.rathemes.com/infinity/libs/bower/select2/dist/js/select2.full.min.js]
[envato.rathemes.com/infinity/libs/misc/jvectormap/jquery-jvectormap.min.js]
[envato.rathemes.com/infinity/libs/misc/jvectormap/maps/jquery-jvectormap-us-mill.js]
[envato.rathemes.com/infinity/libs/misc/jvectormap/maps/jquery-jvectormap-world-mill.js]
[envato.rathemes.com/infinity/libs/misc/jvectormap/maps/jquery-jvectormap-africa-mill.js]
[envato.rathemes.com/infinity/default/Popover requires tooltip.html]
[envato.rathemes.com/infinity/libs/bower/summernote/dist/summernote.min.js]
[envato.rathemes.com/infinity/assets/js/zlib/deflate.js]
[envato.rathemes.com/infinity/assets/js/zlib/inflate.js]
[envato.rathemes.com/infinity/assets/js/[Content_Types].xml]
[envato.rathemes.com/infinity/assets/js/workbook.xml]
[envato.rathemes.com/infinity/assets/js/sheet1.xml]
[envato.rathemes.com/infinity/libs/misc/datatables/datatables.min.js]
[envato.rathemes.com/infinity/libs/bower/dropzone/dist/min/dropzone.min.js]
[envato.rathemes.com/infinity/libs/bower/counterup/jquery.counterup.min.js]
[envato.rathemes.com/infinity/libs/bower/switchery/dist/switchery.min.js]
[cdn.datatables.net/buttons/1.0.0/swf/flashExport.swf]
[envato.rathemes.com/infinity/libs/bower/lightbox2/dist/images/close.png]
[envato.rathemes.com/infinity/libs/bower/lightbox2/dist/images/loading.gif]
[envato.rathemes.com/infinity/libs/bower/lightbox2/dist/images/prev.png]
[envato.rathemes.com/infinity/libs/bower/lightbox2/dist/images/close.png]
[envato.rathemes.com/infinity/libs/bower/lightbox2/dist/css/lightbox.min.css]
[envato.rathemes.com/infinity/libs/bower/lightbox2/dist/js/lightbox.min.js]
[envato.rathemes.com/infinity/default/settings.html]
[envato.rathemes.com/infinity/libs/bower/lightbox2/dist/images/next.png]
[envato.rathemes.com/infinity/default/Popover requires tooltip.html]
[envato.rathemes.com/infinity/assets/js/zlib/deflate.html]
[envato.rathemes.com/infinity/libs/bower/lightbox2/dist/images/loading.gif]
[envato.rathemes.com/infinity/libs/bower/lightbox2/dist/images/prev.png]
[envato.rathemes.com/infinity/assets/js/zlib/inflate.html]
[envato.rathemes.com/infinity/assets/js/[Content_Types].html]
[envato.rathemes.com/infinity/default/Popover requires tooltip.html]
[envato.rathemes.com/infinity/assets/js/workbook.html]
[envato.rathemes.com/infinity/assets/js/sheet1.html]
[envato.rathemes.com/infinity/assets/js/zlib/deflate.html]
[envato.rathemes.com/infinity/assets/js/zlib/inflate.html]
[envato.rathemes.com/infinity/assets/js/[Content_Types].html]
[envato.rathemes.com/infinity/assets/js/clipboard.html]
[envato.rathemes.com/infinity/assets/js/zlib/deflate.html]
[envato.rathemes.com/infinity/assets/js/zlib/inflate.html]
[envato.rathemes.com/infinity/assets/js/buttons.html]
[envato.rathemes.com/infinity/assets/js/[Content_Types].html]
[envato.rathemes.com/infinity/assets/js/sheet1.html]
[envato.rathemes.com/infinity/assets/js/workbook.html]
[envato.rathemes.com/infinity/assets/js/workbook.html]
[envato.rathemes.com/infinity/assets/js/sheet1.html]
